--------------------------------------------------------------------------------------
Timing Analyzer Summary
--------------------------------------------------------------------------------------

Type           : Worst-case tco
Slack          : N/A
Required Time  : None
Actual Time    : 6.792 ns
From           : VGA_SYNC:inst|red_out
To             : VGA_R[3]
From Clock     : CLOCK_50
To Clock       : --
Failed Paths   : 0

Type           : Clock Setup: 'VGA_SYNC:inst|video_PLL:video_PLL_inst|altpll:altpll_component|_clk0'
Slack          : 27.372 ns
Required Time  : 25.00 MHz ( period = 40.000 ns )
Actual Time    : 79.19 MHz ( period = 12.628 ns )
From           : mem:inst1|altsyncram:altsyncram_component|altsyncram_ok81:auto_generated|ram_block1a4
To             : VGA_SYNC:inst|green_out
From Clock     : VGA_SYNC:inst|video_PLL:video_PLL_inst|altpll:altpll_component|_clk0
To Clock       : VGA_SYNC:inst|video_PLL:video_PLL_inst|altpll:altpll_component|_clk0
Failed Paths   : 0

Type           : Clock Hold: 'VGA_SYNC:inst|video_PLL:video_PLL_inst|altpll:altpll_component|_clk0'
Slack          : -5.643 ns
Required Time  : 25.00 MHz ( period = 40.000 ns )
Actual Time    : N/A
From           : VGA_SYNC:inst|pixel_row[6]
To             : mem:inst1|altsyncram:altsyncram_component|altsyncram_ok81:auto_generated|address_reg_a[2]
From Clock     : VGA_SYNC:inst|video_PLL:video_PLL_inst|altpll:altpll_component|_clk0
To Clock       : VGA_SYNC:inst|video_PLL:video_PLL_inst|altpll:altpll_component|_clk0
Failed Paths   : 390

Type           : Total number of failed paths
Slack          : 
Required Time  : 
Actual Time    : 
From           : 
To             : 
From Clock     : 
To Clock       : 
Failed Paths   : 390

--------------------------------------------------------------------------------------

